
--- Script parsing start ---


--- Script parsing end ---

Parse error 'Octal numbers are not allowed in strict mode.' at line: 5 col: 1
