
--- Script parsing start ---


--- Script parsing end ---

Parse error 'Identifier name is reserved in strict mode.' at line: 5 col: 1
