
--- Script parsing start ---

  [  0] CBC_EXT_DEBUGGER

--- Script parsing end ---

Parse error 'Expected ';' token.' at line: 3 col: 10
