
--- Script parsing start ---


--- Script parsing end ---

Parse error 'Expression expected.' at line: 4 col: 1
