
--- Script parsing start ---


--- Script parsing end ---

Parse error 'Duplicated regexp flag.' at line: 3 col: 9
